Component: ARM Compiler 5.05 update 1 (build 106) Tool: armlink [4d0efa]

==============================================================================

Section Cross References

    startup_lpc17xx.o(STACK) refers (Special) to heapauxi.o(.text) for __use_two_region_memory
    startup_lpc17xx.o(HEAP) refers (Special) to heapauxi.o(.text) for __use_two_region_memory
    startup_lpc17xx.o(RESET) refers (Special) to heapauxi.o(.text) for __use_two_region_memory
    startup_lpc17xx.o(RESET) refers to startup_lpc17xx.o(STACK) for __initial_sp
    startup_lpc17xx.o(RESET) refers to startup_lpc17xx.o(.text) for Reset_Handler
    startup_lpc17xx.o(.text) refers (Special) to heapauxi.o(.text) for __use_two_region_memory
    startup_lpc17xx.o(.text) refers to system_lpc17xx.o(.text) for SystemInit
    startup_lpc17xx.o(.text) refers to __main.o(!!!main) for __main
    startup_lpc17xx.o(.text) refers to startup_lpc17xx.o(HEAP) for Heap_Mem
    startup_lpc17xx.o(.text) refers to startup_lpc17xx.o(STACK) for Stack_Mem
    system_lpc17xx.o(.text) refers to system_lpc17xx.o(.data) for SystemCoreClock
    system_lpc17xx.o(.ARM.exidx) refers to system_lpc17xx.o(.text) for .text
    main.o(.text) refers to system_lpc17xx.o(.text) for SystemInit
    main.o(.text) refers to main.o(i._ZN4UARTC1Eai) for UART::UART(signed char, int)
    main.o(.text) refers to main.o(i._ZN4UART10sendstringEPc) for UART::sendstring(char*)
    main.o(.text) refers to uart.o(.text) for UART::getchar0()
    main.o(.text) refers to main.o(.data) for bchars
    main.o(.text) refers to main.o(.bss) for tbuf
    main.o(.ARM.exidx) refers to main.o(.text) for .text
    uart.o(.ARM.exidx) refers to uart.o(.text) for .text
    af_cpu.o(.ARM.exidx) refers to af_cpu.o(.text) for .text
    __main.o(!!!main) refers to __rtentry.o(.ARM.Collect$$rtentry$$00000000) for __rt_entry
    __rtentry.o(.ARM.Collect$$rtentry$$00000000) refers (Special) to __rtentry2.o(.ARM.Collect$$rtentry$$0000000A) for __rt_entry_li
    __rtentry.o(.ARM.Collect$$rtentry$$00000000) refers (Special) to __rtentry2.o(.ARM.Collect$$rtentry$$0000000D) for __rt_entry_main
    __rtentry.o(.ARM.Collect$$rtentry$$00000000) refers (Special) to __rtentry2.o(.ARM.Collect$$rtentry$$0000000C) for __rt_entry_postli_1
    __rtentry.o(.ARM.Collect$$rtentry$$00000000) refers (Special) to __rtentry2.o(.ARM.Collect$$rtentry$$00000009) for __rt_entry_postsh_1
    __rtentry.o(.ARM.Collect$$rtentry$$00000000) refers (Special) to __rtentry2.o(.ARM.Collect$$rtentry$$00000002) for __rt_entry_presh_1
    __rtentry.o(.ARM.Collect$$rtentry$$00000000) refers (Special) to __rtentry4.o(.ARM.Collect$$rtentry$$00000004) for __rt_entry_sh
    __rtentry2.o(.ARM.Collect$$rtentry$$00000008) refers to boardinit2.o(.text) for _platform_post_stackheap_init
    __rtentry2.o(.ARM.Collect$$rtentry$$0000000A) refers to libinit.o(.ARM.Collect$$libinit$$00000000) for __rt_lib_init
    __rtentry2.o(.ARM.Collect$$rtentry$$0000000B) refers to boardinit3.o(.text) for _platform_post_lib_init
    __rtentry2.o(.ARM.Collect$$rtentry$$0000000D) refers to main.o(.text) for main
    __rtentry2.o(.ARM.Collect$$rtentry$$0000000D) refers to exit.o(.text) for exit
    __rtentry2.o(.ARM.exidx) refers to __rtentry2.o(.ARM.Collect$$rtentry$$00000001) for .ARM.Collect$$rtentry$$00000001
    __rtentry2.o(.ARM.exidx) refers to __rtentry2.o(.ARM.Collect$$rtentry$$00000008) for .ARM.Collect$$rtentry$$00000008
    __rtentry2.o(.ARM.exidx) refers to __rtentry2.o(.ARM.Collect$$rtentry$$0000000A) for .ARM.Collect$$rtentry$$0000000A
    __rtentry2.o(.ARM.exidx) refers to __rtentry2.o(.ARM.Collect$$rtentry$$0000000B) for .ARM.Collect$$rtentry$$0000000B
    __rtentry2.o(.ARM.exidx) refers to __rtentry2.o(.ARM.Collect$$rtentry$$0000000D) for .ARM.Collect$$rtentry$$0000000D
    __rtentry4.o(.ARM.Collect$$rtentry$$00000004) refers to sys_stackheap_outer.o(.text) for __user_setup_stackheap
    __rtentry4.o(.ARM.exidx) refers to __rtentry4.o(.ARM.Collect$$rtentry$$00000004) for .ARM.Collect$$rtentry$$00000004
    sys_stackheap_outer.o(.text) refers to libspace.o(.text) for __user_perproc_libspace
    sys_stackheap_outer.o(.text) refers to startup_lpc17xx.o(.text) for __user_initial_stackheap
    exit.o(.text) refers to rtexit.o(.ARM.Collect$$rtexit$$00000000) for __rt_exit
    libinit.o(.ARM.Collect$$libinit$$00000000) refers (Special) to libinit2.o(.ARM.Collect$$libinit$$0000002E) for __rt_lib_init_alloca_1
    libinit.o(.ARM.Collect$$libinit$$00000000) refers (Special) to libinit2.o(.ARM.Collect$$libinit$$0000002C) for __rt_lib_init_argv_1
    libinit.o(.ARM.Collect$$libinit$$00000000) refers (Special) to libinit2.o(.ARM.Collect$$libinit$$0000001B) for __rt_lib_init_atexit_1
    libinit.o(.ARM.Collect$$libinit$$00000000) refers (Special) to libinit2.o(.ARM.Collect$$libinit$$00000021) for __rt_lib_init_clock_1
    libinit.o(.ARM.Collect$$libinit$$00000000) refers (Special) to libinit2.o(.ARM.Collect$$libinit$$00000032) for __rt_lib_init_cpp_1
    libinit.o(.ARM.Collect$$libinit$$00000000) refers (Special) to libinit2.o(.ARM.Collect$$libinit$$00000030) for __rt_lib_init_exceptions_1
    libinit.o(.ARM.Collect$$libinit$$00000000) refers (Special) to libinit2.o(.ARM.Collect$$libinit$$00000002) for __rt_lib_init_fp_1
    libinit.o(.ARM.Collect$$libinit$$00000000) refers (Special) to libinit2.o(.ARM.Collect$$libinit$$0000001F) for __rt_lib_init_fp_trap_1
    libinit.o(.ARM.Collect$$libinit$$00000000) refers (Special) to libinit2.o(.ARM.Collect$$libinit$$00000023) for __rt_lib_init_getenv_1
    libinit.o(.ARM.Collect$$libinit$$00000000) refers (Special) to libinit2.o(.ARM.Collect$$libinit$$0000000A) for __rt_lib_init_heap_1
    libinit.o(.ARM.Collect$$libinit$$00000000) refers (Special) to libinit2.o(.ARM.Collect$$libinit$$00000011) for __rt_lib_init_lc_collate_1
    libinit.o(.ARM.Collect$$libinit$$00000000) refers (Special) to libinit2.o(.ARM.Collect$$libinit$$00000013) for __rt_lib_init_lc_ctype_1
    libinit.o(.ARM.Collect$$libinit$$00000000) refers (Special) to libinit2.o(.ARM.Collect$$libinit$$00000015) for __rt_lib_init_lc_monetary_1
    libinit.o(.ARM.Collect$$libinit$$00000000) refers (Special) to libinit2.o(.ARM.Collect$$libinit$$00000017) for __rt_lib_init_lc_numeric_1
    libinit.o(.ARM.Collect$$libinit$$00000000) refers (Special) to libinit2.o(.ARM.Collect$$libinit$$00000019) for __rt_lib_init_lc_time_1
    libinit.o(.ARM.Collect$$libinit$$00000000) refers (Special) to libinit2.o(.ARM.Collect$$libinit$$00000004) for __rt_lib_init_preinit_1
    libinit.o(.ARM.Collect$$libinit$$00000000) refers (Special) to libinit2.o(.ARM.Collect$$libinit$$0000000E) for __rt_lib_init_rand_1
    libinit.o(.ARM.Collect$$libinit$$00000000) refers (Special) to libinit2.o(.ARM.Collect$$libinit$$00000033) for __rt_lib_init_return
    libinit.o(.ARM.Collect$$libinit$$00000000) refers (Special) to libinit2.o(.ARM.Collect$$libinit$$0000001D) for __rt_lib_init_signal_1
    libinit.o(.ARM.Collect$$libinit$$00000000) refers (Special) to libinit2.o(.ARM.Collect$$libinit$$00000025) for __rt_lib_init_stdio_1
    libinit.o(.ARM.Collect$$libinit$$00000000) refers (Special) to libinit2.o(.ARM.Collect$$libinit$$0000000C) for __rt_lib_init_user_alloc_1
    libspace.o(.text) refers to libspace.o(.bss) for __libspace_start
    rtexit.o(.ARM.Collect$$rtexit$$00000000) refers (Special) to rtexit2.o(.ARM.Collect$$rtexit$$00000004) for __rt_exit_exit
    rtexit.o(.ARM.Collect$$rtexit$$00000000) refers (Special) to rtexit2.o(.ARM.Collect$$rtexit$$00000003) for __rt_exit_ls
    rtexit.o(.ARM.Collect$$rtexit$$00000000) refers (Special) to rtexit2.o(.ARM.Collect$$rtexit$$00000002) for __rt_exit_prels_1
    rtexit.o(.ARM.exidx) refers (Special) to rtexit2.o(.ARM.Collect$$rtexit$$00000004) for __rt_exit_exit
    rtexit.o(.ARM.exidx) refers (Special) to rtexit2.o(.ARM.Collect$$rtexit$$00000003) for __rt_exit_ls
    rtexit.o(.ARM.exidx) refers (Special) to rtexit2.o(.ARM.Collect$$rtexit$$00000002) for __rt_exit_prels_1
    rtexit.o(.ARM.exidx) refers to rtexit.o(.ARM.Collect$$rtexit$$00000000) for .ARM.Collect$$rtexit$$00000000
    libinit2.o(.ARM.Collect$$libinit$$00000010) refers to libinit2.o(.ARM.Collect$$libinit$$0000000F) for .ARM.Collect$$libinit$$0000000F
    libinit2.o(.ARM.Collect$$libinit$$00000012) refers to libinit2.o(.ARM.Collect$$libinit$$0000000F) for .ARM.Collect$$libinit$$0000000F
    libinit2.o(.ARM.Collect$$libinit$$00000014) refers to libinit2.o(.ARM.Collect$$libinit$$0000000F) for .ARM.Collect$$libinit$$0000000F
    libinit2.o(.ARM.Collect$$libinit$$00000016) refers to libinit2.o(.ARM.Collect$$libinit$$0000000F) for .ARM.Collect$$libinit$$0000000F
    libinit2.o(.ARM.Collect$$libinit$$00000018) refers to libinit2.o(.ARM.Collect$$libinit$$0000000F) for .ARM.Collect$$libinit$$0000000F
    libinit2.o(.ARM.Collect$$libinit$$00000026) refers to argv_veneer.o(.emb_text) for __ARM_argv_veneer
    libinit2.o(.ARM.Collect$$libinit$$00000027) refers to argv_veneer.o(.emb_text) for __ARM_argv_veneer
    rtexit2.o(.ARM.Collect$$rtexit$$00000003) refers to libshutdown.o(.ARM.Collect$$libshutdown$$00000000) for __rt_lib_shutdown
    rtexit2.o(.ARM.Collect$$rtexit$$00000004) refers to sys_exit.o(.text) for _sys_exit
    rtexit2.o(.ARM.exidx) refers to rtexit2.o(.ARM.Collect$$rtexit$$00000001) for .ARM.Collect$$rtexit$$00000001
    rtexit2.o(.ARM.exidx) refers to rtexit2.o(.ARM.Collect$$rtexit$$00000003) for .ARM.Collect$$rtexit$$00000003
    rtexit2.o(.ARM.exidx) refers to rtexit2.o(.ARM.Collect$$rtexit$$00000004) for .ARM.Collect$$rtexit$$00000004
    argv_veneer.o(.emb_text) refers to no_argv.o(.text) for __ARM_get_argv
    sys_exit.o(.text) refers (Special) to use_no_semi.o(.text) for __I$use$semihosting
    sys_exit.o(.text) refers (Special) to indicate_semi.o(.text) for __semihosting_library_function
    _get_argv_nomalloc.o(.text) refers (Special) to hrguard.o(.text) for __heap_region$guard
    _get_argv_nomalloc.o(.text) refers to defsig_rtmem_outer.o(.text) for __rt_SIGRTMEM
    _get_argv_nomalloc.o(.text) refers to sys_command.o(.text) for _sys_command_string
    libshutdown.o(.ARM.Collect$$libshutdown$$00000000) refers (Special) to libshutdown2.o(.ARM.Collect$$libshutdown$$00000006) for __rt_lib_shutdown_fp_trap_1
    libshutdown.o(.ARM.Collect$$libshutdown$$00000000) refers (Special) to libshutdown2.o(.ARM.Collect$$libshutdown$$0000000E) for __rt_lib_shutdown_heap_1
    libshutdown.o(.ARM.Collect$$libshutdown$$00000000) refers (Special) to libshutdown2.o(.ARM.Collect$$libshutdown$$0000000F) for __rt_lib_shutdown_return
    libshutdown.o(.ARM.Collect$$libshutdown$$00000000) refers (Special) to libshutdown2.o(.ARM.Collect$$libshutdown$$00000009) for __rt_lib_shutdown_signal_1
    libshutdown.o(.ARM.Collect$$libshutdown$$00000000) refers (Special) to libshutdown2.o(.ARM.Collect$$libshutdown$$00000003) for __rt_lib_shutdown_stdio_1
    libshutdown.o(.ARM.Collect$$libshutdown$$00000000) refers (Special) to libshutdown2.o(.ARM.Collect$$libshutdown$$0000000B) for __rt_lib_shutdown_user_alloc_1
    sys_command.o(.text) refers (Special) to use_no_semi.o(.text) for __I$use$semihosting
    sys_command.o(.text) refers (Special) to indicate_semi.o(.text) for __semihosting_library_function
    defsig_rtmem_outer.o(.text) refers to defsig_rtmem_inner.o(.text) for __rt_SIGRTMEM_inner
    defsig_rtmem_outer.o(.text) refers to defsig_exit.o(.text) for __sig_exit
    defsig_rtmem_formal.o(.text) refers to rt_raise.o(.text) for __rt_raise
    rt_raise.o(.text) refers to __raise.o(.text) for __raise
    rt_raise.o(.text) refers to sys_exit.o(.text) for _sys_exit
    defsig_exit.o(.text) refers to sys_exit.o(.text) for _sys_exit
    defsig_rtmem_inner.o(.text) refers to defsig_general.o(.text) for __default_signal_display
    __raise.o(.text) refers to defsig.o(CL$$defsig) for __default_signal_handler
    defsig_general.o(.text) refers to sys_wrch.o(.text) for _ttywrch
    sys_wrch.o(.text) refers (Special) to use_no_semi.o(.text) for __I$use$semihosting
    sys_wrch.o(.text) refers (Special) to indicate_semi.o(.text) for __semihosting_library_function
    defsig.o(CL$$defsig) refers to defsig_rtmem_inner.o(.text) for __rt_SIGRTMEM_inner
    defsig_abrt_inner.o(.text) refers to defsig_general.o(.text) for __default_signal_display
    defsig_fpe_inner.o(.text) refers to defsig_general.o(.text) for __default_signal_display
    defsig_rtred_inner.o(.text) refers to defsig_general.o(.text) for __default_signal_display
    defsig_stak_inner.o(.text) refers to defsig_general.o(.text) for __default_signal_display
    defsig_pvfn_inner.o(.text) refers to defsig_general.o(.text) for __default_signal_display
    defsig_cppl_inner.o(.text) refers to defsig_general.o(.text) for __default_signal_display
    defsig_segv_inner.o(.text) refers to defsig_general.o(.text) for __default_signal_display
    defsig_other.o(.text) refers to defsig_general.o(.text) for __default_signal_display
    main.o(i._ZN4UART10sendstringEPc) refers to uart.o(.text) for UART::sendchar0(unsigned char)
    main.o(.ARM.exidx) refers to main.o(i._ZN4UART10sendstringEPc) for i._ZN4UART10sendstringEPc
    main.o(i._ZN4UARTC1Eai) refers to af_cpu.o(.text) for CPU::GetCpuClk()
    main.o(i._ZN4UARTC1Eai) refers to uart.o(.text) for UART::uart0_init()
    main.o(.ARM.exidx) refers to main.o(i._ZN4UARTC1Eai) for i._ZN4UARTC1Eai


==============================================================================

Removing Unused input sections from the image.

    Removing system_lpc17xx.o(.rev16_text), (4 bytes).
    Removing system_lpc17xx.o(.revsh_text), (4 bytes).
    Removing system_lpc17xx.o(.ARM.exidx), (8 bytes).
    Removing main.o(.rev16_text), (4 bytes).
    Removing main.o(.revsh_text), (4 bytes).
    Removing main.o(.ARM.exidx), (8 bytes).
    Removing uart.o(.rev16_text), (4 bytes).
    Removing uart.o(.revsh_text), (4 bytes).
    Removing uart.o(.ARM.exidx), (8 bytes).
    Removing af_cpu.o(.rev16_text), (4 bytes).
    Removing af_cpu.o(.revsh_text), (4 bytes).
    Removing af_cpu.o(.ARM.exidx), (8 bytes).
    Removing main.o(.ARM.exidx), (8 bytes).
    Removing main.o(.ARM.exidx), (8 bytes).

14 unused section(s) (total 80 bytes) removed from the image.

==============================================================================

Image Symbol Table

    Local Symbols

    Symbol Name                              Value     Ov Type        Size  Object(Section)

    ../clib/angel/boardlib.s                 0x00000000   Number         0  boardshut.o ABSOLUTE
    ../clib/angel/boardlib.s                 0x00000000   Number         0  boardinit3.o ABSOLUTE
    ../clib/angel/boardlib.s                 0x00000000   Number         0  boardinit2.o ABSOLUTE
    ../clib/angel/boardlib.s                 0x00000000   Number         0  boardinit1.o ABSOLUTE
    ../clib/angel/handlers.s                 0x00000000   Number         0  __scatter_zi.o ABSOLUTE
    ../clib/angel/handlers.s                 0x00000000   Number         0  __scatter_copy.o ABSOLUTE
    ../clib/angel/kernel.s                   0x00000000   Number         0  __rtentry.o ABSOLUTE
    ../clib/angel/kernel.s                   0x00000000   Number         0  rtexit.o ABSOLUTE
    ../clib/angel/kernel.s                   0x00000000   Number         0  rtexit2.o ABSOLUTE
    ../clib/angel/kernel.s                   0x00000000   Number         0  __rtentry4.o ABSOLUTE
    ../clib/angel/kernel.s                   0x00000000   Number         0  __rtentry2.o ABSOLUTE
    ../clib/angel/rt.s                       0x00000000   Number         0  rt_raise.o ABSOLUTE
    ../clib/angel/scatter.s                  0x00000000   Number         0  __scatter.o ABSOLUTE
    ../clib/angel/startup.s                  0x00000000   Number         0  __main.o ABSOLUTE
    ../clib/angel/sys.s                      0x00000000   Number         0  use_no_semi.o ABSOLUTE
    ../clib/angel/sys.s                      0x00000000   Number         0  libspace.o ABSOLUTE
    ../clib/angel/sys.s                      0x00000000   Number         0  indicate_semi.o ABSOLUTE
    ../clib/angel/sys.s                      0x00000000   Number         0  sys_stackheap_outer.o ABSOLUTE
    ../clib/angel/sysapp.c                   0x00000000   Number         0  sys_exit.o ABSOLUTE
    ../clib/angel/sysapp.c                   0x00000000   Number         0  sys_command.o ABSOLUTE
    ../clib/angel/sysapp.c                   0x00000000   Number         0  sys_wrch.o ABSOLUTE
    ../clib/armsys.c                         0x00000000   Number         0  no_argv.o ABSOLUTE
    ../clib/armsys.c                         0x00000000   Number         0  _get_argv_nomalloc.o ABSOLUTE
    ../clib/armsys.c                         0x00000000   Number         0  argv_veneer.o ABSOLUTE
    ../clib/armsys.c                         0x00000000   Number         0  argv_veneer.o ABSOLUTE
    ../clib/heapalloc.c                      0x00000000   Number         0  hrguard.o ABSOLUTE
    ../clib/heapaux.c                        0x00000000   Number         0  heapauxi.o ABSOLUTE
    ../clib/libinit.s                        0x00000000   Number         0  libinit2.o ABSOLUTE
    ../clib/libinit.s                        0x00000000   Number         0  libshutdown2.o ABSOLUTE
    ../clib/libinit.s                        0x00000000   Number         0  libinit.o ABSOLUTE
    ../clib/libinit.s                        0x00000000   Number         0  libshutdown.o ABSOLUTE
    ../clib/signal.c                         0x00000000   Number         0  defsig_general.o ABSOLUTE
    ../clib/signal.c                         0x00000000   Number         0  defsig_rtred_inner.o ABSOLUTE
    ../clib/signal.c                         0x00000000   Number         0  __raise.o ABSOLUTE
    ../clib/signal.c                         0x00000000   Number         0  defsig_rtmem_inner.o ABSOLUTE
    ../clib/signal.c                         0x00000000   Number         0  defsig_exit.o ABSOLUTE
    ../clib/signal.c                         0x00000000   Number         0  defsig_rtmem_formal.o ABSOLUTE
    ../clib/signal.c                         0x00000000   Number         0  defsig_stak_inner.o ABSOLUTE
    ../clib/signal.c                         0x00000000   Number         0  defsig_rtmem_outer.o ABSOLUTE
    ../clib/signal.c                         0x00000000   Number         0  defsig_pvfn_inner.o ABSOLUTE
    ../clib/signal.c                         0x00000000   Number         0  defsig_cppl_inner.o ABSOLUTE
    ../clib/signal.c                         0x00000000   Number         0  defsig_segv_inner.o ABSOLUTE
    ../clib/signal.c                         0x00000000   Number         0  defsig_abrt_inner.o ABSOLUTE
    ../clib/signal.c                         0x00000000   Number         0  defsig_fpe_inner.o ABSOLUTE
    ../clib/signal.c                         0x00000000   Number         0  defsig_other.o ABSOLUTE
    ../clib/signal.s                         0x00000000   Number         0  defsig.o ABSOLUTE
    ../clib/stdlib.c                         0x00000000   Number         0  exit.o ABSOLUTE
    ../fplib/fpinit.s                        0x00000000   Number         0  fpinit.o ABSOLUTE
    AF_LIB\AF_CPU.cpp                        0x00000000   Number         0  af_cpu.o ABSOLUTE
    AF_LIB\UART.cpp                          0x00000000   Number         0  uart.o ABSOLUTE
    AF_LIB\\AF_CPU.cpp                       0x00000000   Number         0  af_cpu.o ABSOLUTE
    AF_LIB\\UART.cpp                         0x00000000   Number         0  uart.o ABSOLUTE
    dc.s                                     0x00000000   Number         0  dc.o ABSOLUTE
    main.cpp                                 0x00000000   Number         0  main.o ABSOLUTE
    main.cpp                                 0x00000000   Number         0  main.o ABSOLUTE
    startup_LPC17xx.s                        0x00000000   Number         0  startup_lpc17xx.o ABSOLUTE
    system_LPC17xx.c                         0x00000000   Number         0  system_lpc17xx.o ABSOLUTE
    system_LPC17xx.c                         0x00000000   Number         0  system_lpc17xx.o ABSOLUTE
    RESET                                    0x00002000   Section      204  startup_lpc17xx.o(RESET)
    !!!main                                  0x000020cc   Section        8  __main.o(!!!main)
    !!!scatter                               0x000020d4   Section       52  __scatter.o(!!!scatter)
    !!handler_copy                           0x00002108   Section       26  __scatter_copy.o(!!handler_copy)
    !!handler_zi                             0x00002124   Section       28  __scatter_zi.o(!!handler_zi)
    .ARM.Collect$$libinit$$00000000          0x00002140   Section        2  libinit.o(.ARM.Collect$$libinit$$00000000)
    .ARM.Collect$$libinit$$00000002          0x00002142   Section        0  libinit2.o(.ARM.Collect$$libinit$$00000002)
    .ARM.Collect$$libinit$$00000004          0x00002142   Section        0  libinit2.o(.ARM.Collect$$libinit$$00000004)
    .ARM.Collect$$libinit$$0000000A          0x00002142   Section        0  libinit2.o(.ARM.Collect$$libinit$$0000000A)
    .ARM.Collect$$libinit$$0000000C          0x00002142   Section        0  libinit2.o(.ARM.Collect$$libinit$$0000000C)
    .ARM.Collect$$libinit$$0000000E          0x00002142   Section        0  libinit2.o(.ARM.Collect$$libinit$$0000000E)
    .ARM.Collect$$libinit$$00000011          0x00002142   Section        0  libinit2.o(.ARM.Collect$$libinit$$00000011)
    .ARM.Collect$$libinit$$00000013          0x00002142   Section        0  libinit2.o(.ARM.Collect$$libinit$$00000013)
    .ARM.Collect$$libinit$$00000015          0x00002142   Section        0  libinit2.o(.ARM.Collect$$libinit$$00000015)
    .ARM.Collect$$libinit$$00000017          0x00002142   Section        0  libinit2.o(.ARM.Collect$$libinit$$00000017)
    .ARM.Collect$$libinit$$00000019          0x00002142   Section        0  libinit2.o(.ARM.Collect$$libinit$$00000019)
    .ARM.Collect$$libinit$$0000001B          0x00002142   Section        0  libinit2.o(.ARM.Collect$$libinit$$0000001B)
    .ARM.Collect$$libinit$$0000001D          0x00002142   Section        0  libinit2.o(.ARM.Collect$$libinit$$0000001D)
    .ARM.Collect$$libinit$$0000001F          0x00002142   Section        0  libinit2.o(.ARM.Collect$$libinit$$0000001F)
    .ARM.Collect$$libinit$$00000021          0x00002142   Section        0  libinit2.o(.ARM.Collect$$libinit$$00000021)
    .ARM.Collect$$libinit$$00000023          0x00002142   Section        0  libinit2.o(.ARM.Collect$$libinit$$00000023)
    .ARM.Collect$$libinit$$00000025          0x00002142   Section        0  libinit2.o(.ARM.Collect$$libinit$$00000025)
    .ARM.Collect$$libinit$$0000002C          0x00002142   Section        0  libinit2.o(.ARM.Collect$$libinit$$0000002C)
    .ARM.Collect$$libinit$$0000002E          0x00002142   Section        0  libinit2.o(.ARM.Collect$$libinit$$0000002E)
    .ARM.Collect$$libinit$$00000030          0x00002142   Section        0  libinit2.o(.ARM.Collect$$libinit$$00000030)
    .ARM.Collect$$libinit$$00000032          0x00002142   Section        0  libinit2.o(.ARM.Collect$$libinit$$00000032)
    .ARM.Collect$$libinit$$00000033          0x00002142   Section        2  libinit2.o(.ARM.Collect$$libinit$$00000033)
    .ARM.Collect$$libshutdown$$00000000      0x00002144   Section        2  libshutdown.o(.ARM.Collect$$libshutdown$$00000000)
    .ARM.Collect$$libshutdown$$00000003      0x00002146   Section        0  libshutdown2.o(.ARM.Collect$$libshutdown$$00000003)
    .ARM.Collect$$libshutdown$$00000006      0x00002146   Section        0  libshutdown2.o(.ARM.Collect$$libshutdown$$00000006)
    .ARM.Collect$$libshutdown$$00000009      0x00002146   Section        0  libshutdown2.o(.ARM.Collect$$libshutdown$$00000009)
    .ARM.Collect$$libshutdown$$0000000B      0x00002146   Section        0  libshutdown2.o(.ARM.Collect$$libshutdown$$0000000B)
    .ARM.Collect$$libshutdown$$0000000E      0x00002146   Section        0  libshutdown2.o(.ARM.Collect$$libshutdown$$0000000E)
    .ARM.Collect$$libshutdown$$0000000F      0x00002146   Section        2  libshutdown2.o(.ARM.Collect$$libshutdown$$0000000F)
    .ARM.Collect$$rtentry$$00000000          0x00002148   Section        0  __rtentry.o(.ARM.Collect$$rtentry$$00000000)
    .ARM.Collect$$rtentry$$00000002          0x00002148   Section        0  __rtentry2.o(.ARM.Collect$$rtentry$$00000002)
    .ARM.Collect$$rtentry$$00000004          0x00002148   Section        6  __rtentry4.o(.ARM.Collect$$rtentry$$00000004)
    .ARM.Collect$$rtentry$$00000009          0x0000214e   Section        0  __rtentry2.o(.ARM.Collect$$rtentry$$00000009)
    .ARM.Collect$$rtentry$$0000000A          0x0000214e   Section        4  __rtentry2.o(.ARM.Collect$$rtentry$$0000000A)
    .ARM.Collect$$rtentry$$0000000C          0x00002152   Section        0  __rtentry2.o(.ARM.Collect$$rtentry$$0000000C)
    .ARM.Collect$$rtentry$$0000000D          0x00002152   Section        8  __rtentry2.o(.ARM.Collect$$rtentry$$0000000D)
    .ARM.Collect$$rtexit$$00000000           0x0000215a   Section        2  rtexit.o(.ARM.Collect$$rtexit$$00000000)
    .ARM.Collect$$rtexit$$00000002           0x0000215c   Section        0  rtexit2.o(.ARM.Collect$$rtexit$$00000002)
    .ARM.Collect$$rtexit$$00000003           0x0000215c   Section        4  rtexit2.o(.ARM.Collect$$rtexit$$00000003)
    .ARM.Collect$$rtexit$$00000004           0x00002160   Section        6  rtexit2.o(.ARM.Collect$$rtexit$$00000004)
    .text                                    0x00002168   Section       60  startup_lpc17xx.o(.text)
    .text                                    0x000021a4   Section        0  system_lpc17xx.o(.text)
    .text                                    0x00002418   Section        0  main.o(.text)
    .text                                    0x00002500   Section        0  uart.o(.text)
    .text                                    0x00002700   Section        0  af_cpu.o(.text)
    .text                                    0x00002740   Section        0  heapauxi.o(.text)
    .text                                    0x00002746   Section       74  sys_stackheap_outer.o(.text)
    .text                                    0x00002790   Section        0  exit.o(.text)
    .text                                    0x0000279c   Section        8  libspace.o(.text)
    .text                                    0x000027a4   Section        0  sys_exit.o(.text)
    .text                                    0x000027b0   Section        2  use_no_semi.o(.text)
    .text                                    0x000027b2   Section        0  indicate_semi.o(.text)
    i._ZN4UART10sendstringEPc                0x000027b2   Section        0  main.o(i._ZN4UART10sendstringEPc)
    i._ZN4UARTC1Eai                          0x0000280e   Section        0  main.o(i._ZN4UARTC1Eai)
    .data                                    0x10000000   Section        4  system_lpc17xx.o(.data)
    .data                                    0x10000004   Section       16  main.o(.data)
    .bss                                     0x10000014   Section       32  main.o(.bss)
    .bss                                     0x10000034   Section       96  libspace.o(.bss)
    HEAP                                     0x10000098   Section        0  startup_lpc17xx.o(HEAP)
    STACK                                    0x10000098   Section      512  startup_lpc17xx.o(STACK)
    Heap_Mem                                 0x10000098   Data           0  startup_lpc17xx.o(HEAP)
    Stack_Mem                                0x10000098   Data         512  startup_lpc17xx.o(STACK)
    __initial_sp                             0x10000298   Data           0  startup_lpc17xx.o(STACK)

    Global Symbols

    Symbol Name                              Value     Ov Type        Size  Object(Section)

    BuildAttributes$$THM_ISAv4$P$D$K$B$S$PE$A:L22UL41UL21$X:L11$S22US41US21$IEEE1$IW$USESV6$~STKCKD$USESV7$~SHL$OSPACE$ROPI$EBA8$UX$STANDARDLIB$REQ8$PRES8$EABIv2 0x00000000   Number         0  anon$$obj.o ABSOLUTE
    __ARM_use_no_argv                        0x00000000   Number         0  main.o ABSOLUTE
    __ARM_exceptions_init                     - Undefined Weak Reference
    __alloca_initialize                       - Undefined Weak Reference
    __arm_preinit_                            - Undefined Weak Reference
    __cpp_initialize__aeabi_                  - Undefined Weak Reference
    __cxa_finalize                            - Undefined Weak Reference
    __rt_locale                               - Undefined Weak Reference
    __sigvec_lookup                           - Undefined Weak Reference
    _atexit_init                              - Undefined Weak Reference
    _call_atexit_fns                          - Undefined Weak Reference
    _clock_init                               - Undefined Weak Reference
    _fp_trap_init                             - Undefined Weak Reference
    _fp_trap_shutdown                         - Undefined Weak Reference
    _get_lc_collate                           - Undefined Weak Reference
    _get_lc_ctype                             - Undefined Weak Reference
    _get_lc_monetary                          - Undefined Weak Reference
    _get_lc_numeric                           - Undefined Weak Reference
    _get_lc_time                              - Undefined Weak Reference
    _getenv_init                              - Undefined Weak Reference
    _handle_redirection                       - Undefined Weak Reference
    _init_alloc                               - Undefined Weak Reference
    _init_user_alloc                          - Undefined Weak Reference
    _initio                                   - Undefined Weak Reference
    _rand_init                                - Undefined Weak Reference
    _signal_finish                            - Undefined Weak Reference
    _signal_init                              - Undefined Weak Reference
    _terminate_alloc                          - Undefined Weak Reference
    _terminate_user_alloc                     - Undefined Weak Reference
    _terminateio                              - Undefined Weak Reference
    __Vectors                                0x00002000   Data           4  startup_lpc17xx.o(RESET)
    __main                                   0x000020cd   Thumb Code     8  __main.o(!!!main)
    __scatterload                            0x000020d5   Thumb Code     0  __scatter.o(!!!scatter)
    __scatterload_rt2                        0x000020d5   Thumb Code    44  __scatter.o(!!!scatter)
    __scatterload_rt2_thumb_only             0x000020d5   Thumb Code     0  __scatter.o(!!!scatter)
    __scatterload_null                       0x000020e3   Thumb Code     0  __scatter.o(!!!scatter)
    __scatterload_copy                       0x00002109   Thumb Code    26  __scatter_copy.o(!!handler_copy)
    __scatterload_zeroinit                   0x00002125   Thumb Code    28  __scatter_zi.o(!!handler_zi)
    __rt_lib_init                            0x00002141   Thumb Code     0  libinit.o(.ARM.Collect$$libinit$$00000000)
    __rt_lib_init_alloca_1                   0x00002143   Thumb Code     0  libinit2.o(.ARM.Collect$$libinit$$0000002E)
    __rt_lib_init_argv_1                     0x00002143   Thumb Code     0  libinit2.o(.ARM.Collect$$libinit$$0000002C)
    __rt_lib_init_atexit_1                   0x00002143   Thumb Code     0  libinit2.o(.ARM.Collect$$libinit$$0000001B)
    __rt_lib_init_clock_1                    0x00002143   Thumb Code     0  libinit2.o(.ARM.Collect$$libinit$$00000021)
    __rt_lib_init_cpp_1                      0x00002143   Thumb Code     0  libinit2.o(.ARM.Collect$$libinit$$00000032)
    __rt_lib_init_exceptions_1               0x00002143   Thumb Code     0  libinit2.o(.ARM.Collect$$libinit$$00000030)
    __rt_lib_init_fp_1                       0x00002143   Thumb Code     0  libinit2.o(.ARM.Collect$$libinit$$00000002)
    __rt_lib_init_fp_trap_1                  0x00002143   Thumb Code     0  libinit2.o(.ARM.Collect$$libinit$$0000001F)
    __rt_lib_init_getenv_1                   0x00002143   Thumb Code     0  libinit2.o(.ARM.Collect$$libinit$$00000023)
    __rt_lib_init_heap_1                     0x00002143   Thumb Code     0  libinit2.o(.ARM.Collect$$libinit$$0000000A)
    __rt_lib_init_lc_collate_1               0x00002143   Thumb Code     0  libinit2.o(.ARM.Collect$$libinit$$00000011)
    __rt_lib_init_lc_ctype_1                 0x00002143   Thumb Code     0  libinit2.o(.ARM.Collect$$libinit$$00000013)
    __rt_lib_init_lc_monetary_1              0x00002143   Thumb Code     0  libinit2.o(.ARM.Collect$$libinit$$00000015)
    __rt_lib_init_lc_numeric_1               0x00002143   Thumb Code     0  libinit2.o(.ARM.Collect$$libinit$$00000017)
    __rt_lib_init_lc_time_1                  0x00002143   Thumb Code     0  libinit2.o(.ARM.Collect$$libinit$$00000019)
    __rt_lib_init_preinit_1                  0x00002143   Thumb Code     0  libinit2.o(.ARM.Collect$$libinit$$00000004)
    __rt_lib_init_rand_1                     0x00002143   Thumb Code     0  libinit2.o(.ARM.Collect$$libinit$$0000000E)
    __rt_lib_init_return                     0x00002143   Thumb Code     0  libinit2.o(.ARM.Collect$$libinit$$00000033)
    __rt_lib_init_signal_1                   0x00002143   Thumb Code     0  libinit2.o(.ARM.Collect$$libinit$$0000001D)
    __rt_lib_init_stdio_1                    0x00002143   Thumb Code     0  libinit2.o(.ARM.Collect$$libinit$$00000025)
    __rt_lib_init_user_alloc_1               0x00002143   Thumb Code     0  libinit2.o(.ARM.Collect$$libinit$$0000000C)
    __rt_lib_shutdown                        0x00002145   Thumb Code     0  libshutdown.o(.ARM.Collect$$libshutdown$$00000000)
    __rt_lib_shutdown_fp_trap_1              0x00002147   Thumb Code     0  libshutdown2.o(.ARM.Collect$$libshutdown$$00000006)
    __rt_lib_shutdown_heap_1                 0x00002147   Thumb Code     0  libshutdown2.o(.ARM.Collect$$libshutdown$$0000000E)
    __rt_lib_shutdown_return                 0x00002147   Thumb Code     0  libshutdown2.o(.ARM.Collect$$libshutdown$$0000000F)
    __rt_lib_shutdown_signal_1               0x00002147   Thumb Code     0  libshutdown2.o(.ARM.Collect$$libshutdown$$00000009)
    __rt_lib_shutdown_stdio_1                0x00002147   Thumb Code     0  libshutdown2.o(.ARM.Collect$$libshutdown$$00000003)
    __rt_lib_shutdown_user_alloc_1           0x00002147   Thumb Code     0  libshutdown2.o(.ARM.Collect$$libshutdown$$0000000B)
    __rt_entry                               0x00002149   Thumb Code     0  __rtentry.o(.ARM.Collect$$rtentry$$00000000)
    __rt_entry_presh_1                       0x00002149   Thumb Code     0  __rtentry2.o(.ARM.Collect$$rtentry$$00000002)
    __rt_entry_sh                            0x00002149   Thumb Code     0  __rtentry4.o(.ARM.Collect$$rtentry$$00000004)
    __rt_entry_li                            0x0000214f   Thumb Code     0  __rtentry2.o(.ARM.Collect$$rtentry$$0000000A)
    __rt_entry_postsh_1                      0x0000214f   Thumb Code     0  __rtentry2.o(.ARM.Collect$$rtentry$$00000009)
    __rt_entry_main                          0x00002153   Thumb Code     0  __rtentry2.o(.ARM.Collect$$rtentry$$0000000D)
    __rt_entry_postli_1                      0x00002153   Thumb Code     0  __rtentry2.o(.ARM.Collect$$rtentry$$0000000C)
    __rt_exit                                0x0000215b   Thumb Code     0  rtexit.o(.ARM.Collect$$rtexit$$00000000)
    __rt_exit_ls                             0x0000215d   Thumb Code     0  rtexit2.o(.ARM.Collect$$rtexit$$00000003)
    __rt_exit_prels_1                        0x0000215d   Thumb Code     0  rtexit2.o(.ARM.Collect$$rtexit$$00000002)
    __rt_exit_exit                           0x00002161   Thumb Code     0  rtexit2.o(.ARM.Collect$$rtexit$$00000004)
    Reset_Handler                            0x00002169   Thumb Code     8  startup_lpc17xx.o(.text)
    NMI_Handler                              0x00002171   Thumb Code     2  startup_lpc17xx.o(.text)
    HardFault_Handler                        0x00002173   Thumb Code     2  startup_lpc17xx.o(.text)
    MemManage_Handler                        0x00002175   Thumb Code     2  startup_lpc17xx.o(.text)
    BusFault_Handler                         0x00002177   Thumb Code     2  startup_lpc17xx.o(.text)
    UsageFault_Handler                       0x00002179   Thumb Code     2  startup_lpc17xx.o(.text)
    SVC_Handler                              0x0000217b   Thumb Code     2  startup_lpc17xx.o(.text)
    DebugMon_Handler                         0x0000217d   Thumb Code     2  startup_lpc17xx.o(.text)
    PendSV_Handler                           0x0000217f   Thumb Code     2  startup_lpc17xx.o(.text)
    SysTick_Handler                          0x00002181   Thumb Code     2  startup_lpc17xx.o(.text)
    ADC_IRQHandler                           0x00002183   Thumb Code     0  startup_lpc17xx.o(.text)
    BOD_IRQHandler                           0x00002183   Thumb Code     0  startup_lpc17xx.o(.text)
    CANActivity_IRQHandler                   0x00002183   Thumb Code     0  startup_lpc17xx.o(.text)
    CAN_IRQHandler                           0x00002183   Thumb Code     0  startup_lpc17xx.o(.text)
    DMA_IRQHandler                           0x00002183   Thumb Code     0  startup_lpc17xx.o(.text)
    EINT0_IRQHandler                         0x00002183   Thumb Code     0  startup_lpc17xx.o(.text)
    EINT1_IRQHandler                         0x00002183   Thumb Code     0  startup_lpc17xx.o(.text)
    EINT2_IRQHandler                         0x00002183   Thumb Code     0  startup_lpc17xx.o(.text)
    EINT3_IRQHandler                         0x00002183   Thumb Code     0  startup_lpc17xx.o(.text)
    ENET_IRQHandler                          0x00002183   Thumb Code     0  startup_lpc17xx.o(.text)
    I2C0_IRQHandler                          0x00002183   Thumb Code     0  startup_lpc17xx.o(.text)
    I2C1_IRQHandler                          0x00002183   Thumb Code     0  startup_lpc17xx.o(.text)
    I2C2_IRQHandler                          0x00002183   Thumb Code     0  startup_lpc17xx.o(.text)
    I2S_IRQHandler                           0x00002183   Thumb Code     0  startup_lpc17xx.o(.text)
    MCPWM_IRQHandler                         0x00002183   Thumb Code     0  startup_lpc17xx.o(.text)
    PLL0_IRQHandler                          0x00002183   Thumb Code     0  startup_lpc17xx.o(.text)
    PLL1_IRQHandler                          0x00002183   Thumb Code     0  startup_lpc17xx.o(.text)
    PWM1_IRQHandler                          0x00002183   Thumb Code     0  startup_lpc17xx.o(.text)
    QEI_IRQHandler                           0x00002183   Thumb Code     0  startup_lpc17xx.o(.text)
    RIT_IRQHandler                           0x00002183   Thumb Code     0  startup_lpc17xx.o(.text)
    RTC_IRQHandler                           0x00002183   Thumb Code     0  startup_lpc17xx.o(.text)
    SPI_IRQHandler                           0x00002183   Thumb Code     0  startup_lpc17xx.o(.text)
    SSP0_IRQHandler                          0x00002183   Thumb Code     0  startup_lpc17xx.o(.text)
    SSP1_IRQHandler                          0x00002183   Thumb Code     0  startup_lpc17xx.o(.text)
    TIMER0_IRQHandler                        0x00002183   Thumb Code     0  startup_lpc17xx.o(.text)
    TIMER1_IRQHandler                        0x00002183   Thumb Code     0  startup_lpc17xx.o(.text)
    TIMER2_IRQHandler                        0x00002183   Thumb Code     0  startup_lpc17xx.o(.text)
    TIMER3_IRQHandler                        0x00002183   Thumb Code     0  startup_lpc17xx.o(.text)
    UART0_IRQHandler                         0x00002183   Thumb Code     0  startup_lpc17xx.o(.text)
    UART1_IRQHandler                         0x00002183   Thumb Code     0  startup_lpc17xx.o(.text)
    UART2_IRQHandler                         0x00002183   Thumb Code     0  startup_lpc17xx.o(.text)
    UART3_IRQHandler                         0x00002183   Thumb Code     0  startup_lpc17xx.o(.text)
    USBActivity_IRQHandler                   0x00002183   Thumb Code     0  startup_lpc17xx.o(.text)
    USB_IRQHandler                           0x00002183   Thumb Code     0  startup_lpc17xx.o(.text)
    WDT_IRQHandler                           0x00002183   Thumb Code     0  startup_lpc17xx.o(.text)
    __user_initial_stackheap                 0x00002185   Thumb Code     0  startup_lpc17xx.o(.text)
    SystemCoreClockUpdate                    0x000021a5   Thumb Code   306  system_lpc17xx.o(.text)
    SystemInit                               0x000022d7   Thumb Code   292  system_lpc17xx.o(.text)
    itoa(unsigned, unsigned, char*)          0x00002419   Thumb Code    84  main.o(.text)
    main                                     0x0000246d   Thumb Code   114  main.o(.text)
    UART::uart0_init()                       0x00002501   Thumb Code    68  uart.o(.text)
    UART::uart1_init()                       0x00002545   Thumb Code    78  uart.o(.text)
    UART::uart2_init()                       0x00002593   Thumb Code    68  uart.o(.text)
    UART::uart3_init()                       0x000025d7   Thumb Code    68  uart.o(.text)
    UART::getchar0()                         0x0000261b   Thumb Code    22  uart.o(.text)
    UART::getchar1()                         0x00002631   Thumb Code    22  uart.o(.text)
    UART::getchar2()                         0x00002647   Thumb Code    22  uart.o(.text)
    UART::getchar3()                         0x0000265d   Thumb Code    22  uart.o(.text)
    UART::sendchar0(unsigned char)           0x00002673   Thumb Code    28  uart.o(.text)
    UART::sendchar1(unsigned char)           0x0000268f   Thumb Code    28  uart.o(.text)
    UART::sendchar2(unsigned char)           0x000026ab   Thumb Code    28  uart.o(.text)
    UART::sendchar3(unsigned char)           0x000026c7   Thumb Code    28  uart.o(.text)
    CPU::GetCpuClk()                         0x00002701   Thumb Code    54  af_cpu.o(.text)
    __use_two_region_memory                  0x00002741   Thumb Code     2  heapauxi.o(.text)
    __rt_heap_escrow$2region                 0x00002743   Thumb Code     2  heapauxi.o(.text)
    __rt_heap_expand$2region                 0x00002745   Thumb Code     2  heapauxi.o(.text)
    __user_setup_stackheap                   0x00002747   Thumb Code    74  sys_stackheap_outer.o(.text)
    exit                                     0x00002791   Thumb Code    12  exit.o(.text)
    __user_libspace                          0x0000279d   Thumb Code     8  libspace.o(.text)
    __user_perproc_libspace                  0x0000279d   Thumb Code     0  libspace.o(.text)
    __user_perthread_libspace                0x0000279d   Thumb Code     0  libspace.o(.text)
    _sys_exit                                0x000027a5   Thumb Code     8  sys_exit.o(.text)
    __I$use$semihosting                      0x000027b1   Thumb Code     0  use_no_semi.o(.text)
    __use_no_semihosting_swi                 0x000027b1   Thumb Code     2  use_no_semi.o(.text)
    UART::sendstring(char*)                  0x000027b3   Thumb Code    92  main.o(i._ZN4UART10sendstringEPc)
    __semihosting_library_function           0x000027b3   Thumb Code     0  indicate_semi.o(.text)
    UART::UART(signed char, int)             0x0000280f   Thumb Code   110  main.o(i._ZN4UARTC1Eai)
    UART::UART__sub_object(signed char, int) 0x0000280f   Thumb Code     0  main.o(i._ZN4UARTC1Eai)
    Region$$Table$$Base                      0x0000287c   Number         0  anon$$obj.o(Region$$Table)
    Region$$Table$$Limit                     0x0000289c   Number         0  anon$$obj.o(Region$$Table)
    SystemCoreClock                          0x10000000   Data           4  system_lpc17xx.o(.data)
    bchars                                   0x10000004   Data          16  main.o(.data)
    tbuf                                     0x10000014   Data          32  main.o(.bss)
    __libspace_start                         0x10000034   Data          96  libspace.o(.bss)
    __temporary_stack_top$libspace           0x10000094   Data           0  libspace.o(.bss)



==============================================================================

Memory Map of the image

  Image Entry point : 0x000020cd

  Load Region LR_IROM1 (Base: 0x00002000, Size: 0x000008b0, Max: 0x00080000, ABSOLUTE)

    Execution Region ER_IROM1 (Base: 0x00002000, Size: 0x0000089c, Max: 0x00080000, ABSOLUTE)

    Base Addr    Size         Type   Attr      Idx    E Section Name        Object

    0x00002000   0x000000cc   Data   RO            3    RESET               startup_lpc17xx.o
    0x000020cc   0x00000008   Code   RO          198  * !!!main             c_w.l(__main.o)
    0x000020d4   0x00000034   Code   RO          354    !!!scatter          c_w.l(__scatter.o)
    0x00002108   0x0000001a   Code   RO          356    !!handler_copy      c_w.l(__scatter_copy.o)
    0x00002122   0x00000002   PAD
    0x00002124   0x0000001c   Code   RO          358    !!handler_zi        c_w.l(__scatter_zi.o)
    0x00002140   0x00000002   Code   RO          225    .ARM.Collect$$libinit$$00000000  c_w.l(libinit.o)
    0x00002142   0x00000000   Code   RO          232    .ARM.Collect$$libinit$$00000002  c_w.l(libinit2.o)
    0x00002142   0x00000000   Code   RO          234    .ARM.Collect$$libinit$$00000004  c_w.l(libinit2.o)
    0x00002142   0x00000000   Code   RO          237    .ARM.Collect$$libinit$$0000000A  c_w.l(libinit2.o)
    0x00002142   0x00000000   Code   RO          239    .ARM.Collect$$libinit$$0000000C  c_w.l(libinit2.o)
    0x00002142   0x00000000   Code   RO          241    .ARM.Collect$$libinit$$0000000E  c_w.l(libinit2.o)
    0x00002142   0x00000000   Code   RO          244    .ARM.Collect$$libinit$$00000011  c_w.l(libinit2.o)
    0x00002142   0x00000000   Code   RO          246    .ARM.Collect$$libinit$$00000013  c_w.l(libinit2.o)
    0x00002142   0x00000000   Code   RO          248    .ARM.Collect$$libinit$$00000015  c_w.l(libinit2.o)
    0x00002142   0x00000000   Code   RO          250    .ARM.Collect$$libinit$$00000017  c_w.l(libinit2.o)
    0x00002142   0x00000000   Code   RO          252    .ARM.Collect$$libinit$$00000019  c_w.l(libinit2.o)
    0x00002142   0x00000000   Code   RO          254    .ARM.Collect$$libinit$$0000001B  c_w.l(libinit2.o)
    0x00002142   0x00000000   Code   RO          256    .ARM.Collect$$libinit$$0000001D  c_w.l(libinit2.o)
    0x00002142   0x00000000   Code   RO          258    .ARM.Collect$$libinit$$0000001F  c_w.l(libinit2.o)
    0x00002142   0x00000000   Code   RO          260    .ARM.Collect$$libinit$$00000021  c_w.l(libinit2.o)
    0x00002142   0x00000000   Code   RO          262    .ARM.Collect$$libinit$$00000023  c_w.l(libinit2.o)
    0x00002142   0x00000000   Code   RO          264    .ARM.Collect$$libinit$$00000025  c_w.l(libinit2.o)
    0x00002142   0x00000000   Code   RO          268    .ARM.Collect$$libinit$$0000002C  c_w.l(libinit2.o)
    0x00002142   0x00000000   Code   RO          270    .ARM.Collect$$libinit$$0000002E  c_w.l(libinit2.o)
    0x00002142   0x00000000   Code   RO          272    .ARM.Collect$$libinit$$00000030  c_w.l(libinit2.o)
    0x00002142   0x00000000   Code   RO          274    .ARM.Collect$$libinit$$00000032  c_w.l(libinit2.o)
    0x00002142   0x00000002   Code   RO          275    .ARM.Collect$$libinit$$00000033  c_w.l(libinit2.o)
    0x00002144   0x00000002   Code   RO          295    .ARM.Collect$$libshutdown$$00000000  c_w.l(libshutdown.o)
    0x00002146   0x00000000   Code   RO          309    .ARM.Collect$$libshutdown$$00000003  c_w.l(libshutdown2.o)
    0x00002146   0x00000000   Code   RO          312    .ARM.Collect$$libshutdown$$00000006  c_w.l(libshutdown2.o)
    0x00002146   0x00000000   Code   RO          315    .ARM.Collect$$libshutdown$$00000009  c_w.l(libshutdown2.o)
    0x00002146   0x00000000   Code   RO          317    .ARM.Collect$$libshutdown$$0000000B  c_w.l(libshutdown2.o)
    0x00002146   0x00000000   Code   RO          320    .ARM.Collect$$libshutdown$$0000000E  c_w.l(libshutdown2.o)
    0x00002146   0x00000002   Code   RO          321    .ARM.Collect$$libshutdown$$0000000F  c_w.l(libshutdown2.o)
    0x00002148   0x00000000   Code   RO          200    .ARM.Collect$$rtentry$$00000000  c_w.l(__rtentry.o)
    0x00002148   0x00000000   Code   RO          202    .ARM.Collect$$rtentry$$00000002  c_w.l(__rtentry2.o)
    0x00002148   0x00000006   Code   RO          214    .ARM.Collect$$rtentry$$00000004  c_w.l(__rtentry4.o)
    0x0000214e   0x00000000   Code   RO          204    .ARM.Collect$$rtentry$$00000009  c_w.l(__rtentry2.o)
    0x0000214e   0x00000004   Code   RO          205    .ARM.Collect$$rtentry$$0000000A  c_w.l(__rtentry2.o)
    0x00002152   0x00000000   Code   RO          207    .ARM.Collect$$rtentry$$0000000C  c_w.l(__rtentry2.o)
    0x00002152   0x00000008   Code   RO          208    .ARM.Collect$$rtentry$$0000000D  c_w.l(__rtentry2.o)
    0x0000215a   0x00000002   Code   RO          229    .ARM.Collect$$rtexit$$00000000  c_w.l(rtexit.o)
    0x0000215c   0x00000000   Code   RO          277    .ARM.Collect$$rtexit$$00000002  c_w.l(rtexit2.o)
    0x0000215c   0x00000004   Code   RO          278    .ARM.Collect$$rtexit$$00000003  c_w.l(rtexit2.o)
    0x00002160   0x00000006   Code   RO          279    .ARM.Collect$$rtexit$$00000004  c_w.l(rtexit2.o)
    0x00002166   0x00000002   PAD
    0x00002168   0x0000003c   Code   RO            4    .text               startup_lpc17xx.o
    0x000021a4   0x00000274   Code   RO           12    .text               system_lpc17xx.o
    0x00002418   0x000000e8   Code   RO           56    .text               main.o
    0x00002500   0x00000200   Code   RO          128    .text               uart.o
    0x00002700   0x00000040   Code   RO          165    .text               af_cpu.o
    0x00002740   0x00000006   Code   RO          196    .text               c_w.l(heapauxi.o)
    0x00002746   0x0000004a   Code   RO          216    .text               c_w.l(sys_stackheap_outer.o)
    0x00002790   0x0000000c   Code   RO          218    .text               c_w.l(exit.o)
    0x0000279c   0x00000008   Code   RO          226    .text               c_w.l(libspace.o)
    0x000027a4   0x0000000c   Code   RO          287    .text               c_w.l(sys_exit.o)
    0x000027b0   0x00000002   Code   RO          298    .text               c_w.l(use_no_semi.o)
    0x000027b2   0x00000000   Code   RO          300    .text               c_w.l(indicate_semi.o)
    0x000027b2   0x0000005c   Code   RO           76    i._ZN4UART10sendstringEPc  main.o
    0x0000280e   0x0000006e   Code   RO           82    i._ZN4UARTC1Eai     main.o
    0x0000287c   0x00000020   Data   RO          352    Region$$Table       anon$$obj.o


    Execution Region RW_IRAM1 (Base: 0x10000000, Size: 0x00000298, Max: 0x00008000, ABSOLUTE)

    Base Addr    Size         Type   Attr      Idx    E Section Name        Object

    0x10000000   0x00000004   Data   RW           14    .data               system_lpc17xx.o
    0x10000004   0x00000010   Data   RW           59    .data               main.o
    0x10000014   0x00000020   Zero   RW           58    .bss                main.o
    0x10000034   0x00000060   Zero   RW          227    .bss                c_w.l(libspace.o)
    0x10000094   0x00000004   PAD
    0x10000098   0x00000000   Zero   RW            2    HEAP                startup_lpc17xx.o
    0x10000098   0x00000200   Zero   RW            1    STACK               startup_lpc17xx.o


==============================================================================

Image component sizes


      Code (inc. data)   RO Data    RW Data    ZI Data      Debug   Object Name

        64         10          0          0          0        592   af_cpu.o
       434         34          0         16         32       6918   main.o
        60         22        204          0        512        812   startup_lpc17xx.o
       628         30          0          4          0       5285   system_lpc17xx.o
       512         30          0          0          0       3840   uart.o

    ----------------------------------------------------------------------
      1698        126        236         20        544      17447   Object Totals
         0          0         32          0          0          0   (incl. Generated)
         0          0          0          0          0          0   (incl. Padding)

    ----------------------------------------------------------------------

      Code (inc. data)   RO Data    RW Data    ZI Data      Debug   Library Member Name

         8          0          0          0          0         68   __main.o
         0          0          0          0          0          0   __rtentry.o
        12          0          0          0          0          0   __rtentry2.o
         6          0          0          0          0          0   __rtentry4.o
        52          8          0          0          0          0   __scatter.o
        26          0          0          0          0          0   __scatter_copy.o
        28          0          0          0          0          0   __scatter_zi.o
        12          0          0          0          0         72   exit.o
         6          0          0          0          0        152   heapauxi.o
         0          0          0          0          0          0   indicate_semi.o
         2          0          0          0          0          0   libinit.o
         2          0          0          0          0          0   libinit2.o
         2          0          0          0          0          0   libshutdown.o
         2          0          0          0          0          0   libshutdown2.o
         8          4          0          0         96         68   libspace.o
         2          0          0          0          0          0   rtexit.o
        10          0          0          0          0          0   rtexit2.o
        12          4          0          0          0         68   sys_exit.o
        74          0          0          0          0         80   sys_stackheap_outer.o
         2          0          0          0          0         68   use_no_semi.o

    ----------------------------------------------------------------------
       270         16          0          0        100        576   Library Totals
         4          0          0          0          4          0   (incl. Padding)

    ----------------------------------------------------------------------

      Code (inc. data)   RO Data    RW Data    ZI Data      Debug   Library Name

       266         16          0          0         96        576   c_w.l

    ----------------------------------------------------------------------
       270         16          0          0        100        576   Library Totals

    ----------------------------------------------------------------------

==============================================================================


      Code (inc. data)   RO Data    RW Data    ZI Data      Debug   

      1968        142        236         20        644      17603   Grand Totals
      1968        142        236         20        644      17603   ELF Image Totals
      1968        142        236         20          0          0   ROM Totals

==============================================================================

    Total RO  Size (Code + RO Data)                 2204 (   2.15kB)
    Total RW  Size (RW Data + ZI Data)               664 (   0.65kB)
    Total ROM Size (Code + RO Data + RW Data)       2224 (   2.17kB)

==============================================================================

