<html>
<body>
<pre>
<h1>µVision Build Log</h1>
<h2>Tool Versions:</h2>
IDE-Version: µVision V5.14.0.0
Copyright (C) 2015 ARM Ltd and ARM Germany GmbH. All rights reserved.
License Information: ali fallah, nocompony, LIC=14HTG-VXAKB-PBQEG-V1P5E-AZNPE-E3WH6
 
Tool Versions:
Toolchain:       MDK-ARM Standard  Version: 5.14.0.0
Toolchain Path:  C:\Keil\ARM\ARMCC\Bin
C Compiler:      Armcc.exe V5.05 update 1 (build 106)
Assembler:       Armasm.exe V5.05 update 1 (build 106)
Linker/Locator:  ArmLink.exe V5.05 update 1 (build 106)
Library Manager: ArmAr.exe V5.05 update 1 (build 106)
Hex Converter:   FromElf.exe V5.05 update 1 (build 106)
CPU DLL:         SARMCM3.DLL V5.14.0.0
Dialog DLL:      DARMP1.DLL V1.25.0.0
Target DLL:      UL2CM3.DLL V1.155.0.0
Dialog DLL:      TARMP1.DLL V1.24.0.0
 
<h2>Project:</h2>
D:\desk\mY LIB\[1] GPIO(Programming whit JLink or Flash Magic)\GPIO\UART.uvproj
Project File Date:  09/13/2016

<h2>Output:</h2>
Rebuild target 'LPC17xx'
assembling startup_LPC17xx.s...
compiling system_LPC17xx.c...
compiling main.cpp...
compiling UART.cpp...
compiling AF_CPU.cpp...
linking...
Program Size: Code=1968 RO-data=236 RW-data=20 ZI-data=644  
FromELF: creating hex file...
After Build - User command #1: fromelf --bin ".\OBJ\UART.axf" --output ".\UART.bin"
".\OBJ\UART.axf" - 0 Error(s), 0 Warning(s).
</pre>
</body>
</html>
